[2025-07-30T00:48:40.223+0300][gc,heap] Heap region size: 1M
[2025-07-30T00:48:40.234+0300][gc     ] Using G1
[2025-07-30T00:48:40.234+0300][gc,heap,coops] Heap address: 0x00000000c0000000, size: 1024 MB, Compressed Oops mode: 32-bit
[2025-07-30T00:48:40.234+0300][gc,cds       ] Mark closed archive regions in map: [0x00000000fff00000, 0x00000000fff6bff8]
[2025-07-30T00:48:40.234+0300][gc,cds       ] Mark open archive regions in map: [0x00000000ffe00000, 0x00000000ffe47ff8]
[2025-07-30T00:48:40.736+0300][gc,start     ] GC(0) Pause Young (Normal) (G1 Evacuation Pause)
[2025-07-30T00:48:40.738+0300][gc,task      ] GC(0) Using 13 workers of 13 for evacuation
[2025-07-30T00:48:40.742+0300][gc,phases    ] GC(0)   Pre Evacuate Collection Set: 0.0ms
[2025-07-30T00:48:40.742+0300][gc,phases    ] GC(0)   Evacuate Collection Set: 4.0ms
[2025-07-30T00:48:40.742+0300][gc,phases    ] GC(0)   Post Evacuate Collection Set: 0.3ms
[2025-07-30T00:48:40.742+0300][gc,phases    ] GC(0)   Other: 1.5ms
[2025-07-30T00:48:40.742+0300][gc,heap      ] GC(0) Eden regions: 51->0(44)
[2025-07-30T00:48:40.742+0300][gc,heap      ] GC(0) Survivor regions: 0->7(7)
[2025-07-30T00:48:40.742+0300][gc,heap      ] GC(0) Old regions: 2->3
[2025-07-30T00:48:40.742+0300][gc,heap      ] GC(0) Humongous regions: 0->0
[2025-07-30T00:48:40.742+0300][gc,metaspace ] GC(0) Metaspace: 13099K(13696K)->13099K(13696K) NonClass: 11456K(11776K)->11456K(11776K) Class: 1642K(1920K)->1642K(1920K)
[2025-07-30T00:48:40.742+0300][gc           ] GC(0) Pause Young (Normal) (G1 Evacuation Pause) 51M->8M(1024M) 5.898ms
[2025-07-30T00:48:40.742+0300][gc,cpu       ] GC(0) User=0.05s Sys=0.01s Real=0.01s
[2025-07-30T00:48:40.993+0300][gc,start     ] GC(1) Pause Young (Concurrent Start) (Metadata GC Threshold)
[2025-07-30T00:48:40.993+0300][gc,task      ] GC(1) Using 13 workers of 13 for evacuation
[2025-07-30T00:48:40.999+0300][gc,phases    ] GC(1)   Pre Evacuate Collection Set: 0.1ms
[2025-07-30T00:48:40.999+0300][gc,phases    ] GC(1)   Evacuate Collection Set: 5.2ms
[2025-07-30T00:48:40.999+0300][gc,phases    ] GC(1)   Post Evacuate Collection Set: 0.2ms
[2025-07-30T00:48:40.999+0300][gc,phases    ] GC(1)   Other: 0.2ms
[2025-07-30T00:48:40.999+0300][gc,heap      ] GC(1) Eden regions: 35->0(49)
[2025-07-30T00:48:40.999+0300][gc,heap      ] GC(1) Survivor regions: 7->2(7)
[2025-07-30T00:48:40.999+0300][gc,heap      ] GC(1) Old regions: 3->10
[2025-07-30T00:48:40.999+0300][gc,heap      ] GC(1) Humongous regions: 0->0
[2025-07-30T00:48:40.999+0300][gc,metaspace ] GC(1) Metaspace: 20567K(21248K)->20567K(21248K) NonClass: 18059K(18432K)->18059K(18432K) Class: 2507K(2816K)->2507K(2816K)
[2025-07-30T00:48:40.999+0300][gc           ] GC(1) Pause Young (Concurrent Start) (Metadata GC Threshold) 43M->9M(1024M) 5.801ms
[2025-07-30T00:48:40.999+0300][gc,cpu       ] GC(1) User=0.02s Sys=0.01s Real=0.00s
[2025-07-30T00:48:40.999+0300][gc           ] GC(2) Concurrent Cycle
[2025-07-30T00:48:40.999+0300][gc,marking   ] GC(2) Concurrent Clear Claimed Marks
[2025-07-30T00:48:40.999+0300][gc,marking   ] GC(2) Concurrent Clear Claimed Marks 0.032ms
[2025-07-30T00:48:40.999+0300][gc,marking   ] GC(2) Concurrent Scan Root Regions
[2025-07-30T00:48:41.000+0300][gc,marking   ] GC(2) Concurrent Scan Root Regions 0.951ms
[2025-07-30T00:48:41.000+0300][gc,marking   ] GC(2) Concurrent Mark (0.780s)
[2025-07-30T00:48:41.000+0300][gc,marking   ] GC(2) Concurrent Mark From Roots
[2025-07-30T00:48:41.000+0300][gc,task      ] GC(2) Using 3 workers of 3 for marking
[2025-07-30T00:48:41.003+0300][gc,marking   ] GC(2) Concurrent Mark From Roots 2.701ms
[2025-07-30T00:48:41.003+0300][gc,marking   ] GC(2) Concurrent Preclean
[2025-07-30T00:48:41.003+0300][gc,marking   ] GC(2) Concurrent Preclean 0.206ms
[2025-07-30T00:48:41.003+0300][gc,marking   ] GC(2) Concurrent Mark (0.780s, 0.783s) 2.951ms
[2025-07-30T00:48:41.003+0300][gc,start     ] GC(2) Pause Remark
[2025-07-30T00:48:41.004+0300][gc,stringtable] GC(2) Cleaned string and symbol table, strings: 5796 processed, 0 removed, symbols: 54175 processed, 46 removed
[2025-07-30T00:48:41.004+0300][gc            ] GC(2) Pause Remark 9M->9M(1024M) 1.101ms
[2025-07-30T00:48:41.004+0300][gc,cpu        ] GC(2) User=0.01s Sys=0.00s Real=0.00s
[2025-07-30T00:48:41.004+0300][gc,marking    ] GC(2) Concurrent Rebuild Remembered Sets
[2025-07-30T00:48:41.006+0300][gc,marking    ] GC(2) Concurrent Rebuild Remembered Sets 1.092ms
[2025-07-30T00:48:41.006+0300][gc,start      ] GC(2) Pause Cleanup
[2025-07-30T00:48:41.006+0300][gc            ] GC(2) Pause Cleanup 10M->10M(1024M) 0.137ms
[2025-07-30T00:48:41.006+0300][gc,cpu        ] GC(2) User=0.00s Sys=0.00s Real=0.00s
[2025-07-30T00:48:41.006+0300][gc,marking    ] GC(2) Concurrent Cleanup for Next Mark
[2025-07-30T00:48:41.009+0300][gc,marking    ] GC(2) Concurrent Cleanup for Next Mark 3.166ms
[2025-07-30T00:48:41.009+0300][gc            ] GC(2) Concurrent Cycle 9.776ms
[2025-07-30T00:48:41.551+0300][gc,start      ] GC(3) Pause Young (Normal) (G1 Evacuation Pause)
[2025-07-30T00:48:41.551+0300][gc,task       ] GC(3) Using 13 workers of 13 for evacuation
[2025-07-30T00:48:41.553+0300][gc,phases     ] GC(3)   Pre Evacuate Collection Set: 0.0ms
[2025-07-30T00:48:41.553+0300][gc,phases     ] GC(3)   Evacuate Collection Set: 1.4ms
[2025-07-30T00:48:41.553+0300][gc,phases     ] GC(3)   Post Evacuate Collection Set: 0.2ms
[2025-07-30T00:48:41.553+0300][gc,phases     ] GC(3)   Other: 0.2ms
[2025-07-30T00:48:41.553+0300][gc,heap       ] GC(3) Eden regions: 49->0(47)
[2025-07-30T00:48:41.553+0300][gc,heap       ] GC(3) Survivor regions: 2->4(7)
[2025-07-30T00:48:41.553+0300][gc,heap       ] GC(3) Old regions: 10->10
[2025-07-30T00:48:41.553+0300][gc,heap       ] GC(3) Humongous regions: 129->129
[2025-07-30T00:48:41.553+0300][gc,metaspace  ] GC(3) Metaspace: 28070K(29056K)->28070K(29056K) NonClass: 24790K(25344K)->24790K(25344K) Class: 3280K(3712K)->3280K(3712K)
[2025-07-30T00:48:41.553+0300][gc            ] GC(3) Pause Young (Normal) (G1 Evacuation Pause) 187M->140M(1024M) 1.907ms
[2025-07-30T00:48:41.553+0300][gc,cpu        ] GC(3) User=0.02s Sys=0.00s Real=0.00s
[2025-07-30T00:48:41.834+0300][gc,start      ] GC(4) Pause Young (Concurrent Start) (Metadata GC Threshold)
[2025-07-30T00:48:41.834+0300][gc,task       ] GC(4) Using 13 workers of 13 for evacuation
[2025-07-30T00:48:41.837+0300][gc,phases     ] GC(4)   Pre Evacuate Collection Set: 0.1ms
[2025-07-30T00:48:41.837+0300][gc,phases     ] GC(4)   Evacuate Collection Set: 2.2ms
[2025-07-30T00:48:41.837+0300][gc,phases     ] GC(4)   Post Evacuate Collection Set: 0.5ms
[2025-07-30T00:48:41.837+0300][gc,phases     ] GC(4)   Other: 0.2ms
[2025-07-30T00:48:41.837+0300][gc,heap       ] GC(4) Eden regions: 44->0(44)
[2025-07-30T00:48:41.837+0300][gc,heap       ] GC(4) Survivor regions: 4->7(7)
[2025-07-30T00:48:41.837+0300][gc,heap       ] GC(4) Old regions: 10->10
[2025-07-30T00:48:41.837+0300][gc,heap       ] GC(4) Humongous regions: 129->129
[2025-07-30T00:48:41.837+0300][gc,metaspace  ] GC(4) Metaspace: 34534K(35840K)->34534K(35840K) NonClass: 30585K(31232K)->30585K(31232K) Class: 3948K(4608K)->3948K(4608K)
[2025-07-30T00:48:41.837+0300][gc            ] GC(4) Pause Young (Concurrent Start) (Metadata GC Threshold) 183M->144M(1024M) 3.048ms
[2025-07-30T00:48:41.837+0300][gc,cpu        ] GC(4) User=0.04s Sys=0.00s Real=0.00s
[2025-07-30T00:48:41.837+0300][gc            ] GC(5) Concurrent Cycle
[2025-07-30T00:48:41.837+0300][gc,marking    ] GC(5) Concurrent Clear Claimed Marks
[2025-07-30T00:48:41.837+0300][gc,marking    ] GC(5) Concurrent Clear Claimed Marks 0.120ms
[2025-07-30T00:48:41.837+0300][gc,marking    ] GC(5) Concurrent Scan Root Regions
[2025-07-30T00:48:41.839+0300][gc,marking    ] GC(5) Concurrent Scan Root Regions 1.426ms
[2025-07-30T00:48:41.839+0300][gc,marking    ] GC(5) Concurrent Mark (1.618s)
[2025-07-30T00:48:41.839+0300][gc,marking    ] GC(5) Concurrent Mark From Roots
[2025-07-30T00:48:41.839+0300][gc,task       ] GC(5) Using 3 workers of 3 for marking
[2025-07-30T00:48:41.842+0300][gc,marking    ] GC(5) Concurrent Mark From Roots 2.984ms
[2025-07-30T00:48:41.842+0300][gc,marking    ] GC(5) Concurrent Preclean
[2025-07-30T00:48:41.842+0300][gc,marking    ] GC(5) Concurrent Preclean 0.113ms
[2025-07-30T00:48:41.842+0300][gc,marking    ] GC(5) Concurrent Mark (1.618s, 1.621s) 3.145ms
[2025-07-30T00:48:41.842+0300][gc,start      ] GC(5) Pause Remark
[2025-07-30T00:48:41.844+0300][gc,stringtable] GC(5) Cleaned string and symbol table, strings: 10109 processed, 10 removed, symbols: 83133 processed, 14 removed
[2025-07-30T00:48:41.844+0300][gc            ] GC(5) Pause Remark 145M->145M(1024M) 1.808ms
[2025-07-30T00:48:41.844+0300][gc,cpu        ] GC(5) User=0.02s Sys=0.00s Real=0.00s
[2025-07-30T00:48:41.844+0300][gc,marking    ] GC(5) Concurrent Rebuild Remembered Sets
[2025-07-30T00:48:41.845+0300][gc,marking    ] GC(5) Concurrent Rebuild Remembered Sets 1.304ms
[2025-07-30T00:48:41.845+0300][gc,start      ] GC(5) Pause Cleanup
[2025-07-30T00:48:41.845+0300][gc            ] GC(5) Pause Cleanup 145M->145M(1024M) 0.164ms
[2025-07-30T00:48:41.845+0300][gc,cpu        ] GC(5) User=0.00s Sys=0.00s Real=0.00s
[2025-07-30T00:48:41.845+0300][gc,marking    ] GC(5) Concurrent Cleanup for Next Mark
[2025-07-30T00:48:41.849+0300][gc,marking    ] GC(5) Concurrent Cleanup for Next Mark 3.110ms
[2025-07-30T00:48:41.849+0300][gc            ] GC(5) Concurrent Cycle 11.605ms
[2025-07-30T00:48:42.296+0300][gc,start      ] GC(6) Pause Young (Normal) (G1 Evacuation Pause)
[2025-07-30T00:48:42.296+0300][gc,task       ] GC(6) Using 13 workers of 13 for evacuation
[2025-07-30T00:48:42.302+0300][gc,phases     ] GC(6)   Pre Evacuate Collection Set: 0.0ms
[2025-07-30T00:48:42.302+0300][gc,phases     ] GC(6)   Evacuate Collection Set: 4.1ms
[2025-07-30T00:48:42.302+0300][gc,phases     ] GC(6)   Post Evacuate Collection Set: 1.0ms
[2025-07-30T00:48:42.302+0300][gc,phases     ] GC(6)   Other: 0.2ms
[2025-07-30T00:48:42.302+0300][gc,heap       ] GC(6) Eden regions: 44->0(44)
[2025-07-30T00:48:42.302+0300][gc,heap       ] GC(6) Survivor regions: 7->7(7)
[2025-07-30T00:48:42.302+0300][gc,heap       ] GC(6) Old regions: 10->13
[2025-07-30T00:48:42.302+0300][gc,heap       ] GC(6) Humongous regions: 135->135
[2025-07-30T00:48:42.302+0300][gc,metaspace  ] GC(6) Metaspace: 41554K(43904K)->41554K(43904K) NonClass: 36422K(37632K)->36422K(37632K) Class: 5131K(6272K)->5131K(6272K)
[2025-07-30T00:48:42.302+0300][gc            ] GC(6) Pause Young (Normal) (G1 Evacuation Pause) 194M->152M(1024M) 5.428ms
[2025-07-30T00:48:42.302+0300][gc,cpu        ] GC(6) User=0.05s Sys=0.00s Real=0.01s
[2025-07-30T00:53:11.467+0300][gc,start      ] GC(7) Pause Young (Normal) (G1 Evacuation Pause)
[2025-07-30T00:53:11.467+0300][gc,task       ] GC(7) Using 13 workers of 13 for evacuation
[2025-07-30T00:53:11.470+0300][gc,phases     ] GC(7)   Pre Evacuate Collection Set: 0.0ms
[2025-07-30T00:53:11.470+0300][gc,phases     ] GC(7)   Evacuate Collection Set: 2.5ms
[2025-07-30T00:53:11.470+0300][gc,phases     ] GC(7)   Post Evacuate Collection Set: 0.5ms
[2025-07-30T00:53:11.470+0300][gc,phases     ] GC(7)   Other: 0.2ms
[2025-07-30T00:53:11.470+0300][gc,heap       ] GC(7) Eden regions: 44->0(46)
[2025-07-30T00:53:11.470+0300][gc,heap       ] GC(7) Survivor regions: 7->5(7)
[2025-07-30T00:53:11.470+0300][gc,heap       ] GC(7) Old regions: 13->17
[2025-07-30T00:53:11.470+0300][gc,heap       ] GC(7) Humongous regions: 141->129
[2025-07-30T00:53:11.470+0300][gc,metaspace  ] GC(7) Metaspace: 45399K(48256K)->45399K(48256K) NonClass: 39690K(41216K)->39690K(41216K) Class: 5709K(7040K)->5709K(7040K)
[2025-07-30T00:53:11.470+0300][gc            ] GC(7) Pause Young (Normal) (G1 Evacuation Pause) 202M->148M(1024M) 3.236ms
[2025-07-30T00:53:11.470+0300][gc,cpu        ] GC(7) User=0.03s Sys=0.00s Real=0.00s
[2025-07-30T00:58:18.870+0300][gc,start      ] GC(8) Pause Young (Normal) (G1 Evacuation Pause)
[2025-07-30T00:58:18.870+0300][gc,task       ] GC(8) Using 13 workers of 13 for evacuation
[2025-07-30T00:58:18.872+0300][gc,phases     ] GC(8)   Pre Evacuate Collection Set: 0.0ms
[2025-07-30T00:58:18.872+0300][gc,phases     ] GC(8)   Evacuate Collection Set: 2.0ms
[2025-07-30T00:58:18.872+0300][gc,phases     ] GC(8)   Post Evacuate Collection Set: 0.3ms
[2025-07-30T00:58:18.872+0300][gc,phases     ] GC(8)   Other: 0.1ms
[2025-07-30T00:58:18.872+0300][gc,heap       ] GC(8) Eden regions: 46->0(48)
[2025-07-30T00:58:18.872+0300][gc,heap       ] GC(8) Survivor regions: 5->3(7)
[2025-07-30T00:58:18.872+0300][gc,heap       ] GC(8) Old regions: 17->19
[2025-07-30T00:58:18.872+0300][gc,heap       ] GC(8) Humongous regions: 129->129
[2025-07-30T00:58:18.872+0300][gc,metaspace  ] GC(8) Metaspace: 45863K(48896K)->45863K(48896K) NonClass: 40092K(41728K)->40092K(41728K) Class: 5771K(7168K)->5771K(7168K)
[2025-07-30T00:58:18.872+0300][gc            ] GC(8) Pause Young (Normal) (G1 Evacuation Pause) 194M->149M(1024M) 2.511ms
[2025-07-30T00:58:18.872+0300][gc,cpu        ] GC(8) User=0.03s Sys=0.00s Real=0.01s
[2025-07-30T01:03:38.295+0300][gc,start      ] GC(9) Pause Young (Normal) (G1 Evacuation Pause)
[2025-07-30T01:03:38.295+0300][gc,task       ] GC(9) Using 13 workers of 13 for evacuation
[2025-07-30T01:03:38.298+0300][gc,phases     ] GC(9)   Pre Evacuate Collection Set: 0.0ms
[2025-07-30T01:03:38.298+0300][gc,phases     ] GC(9)   Evacuate Collection Set: 1.9ms
[2025-07-30T01:03:38.298+0300][gc,phases     ] GC(9)   Post Evacuate Collection Set: 0.3ms
[2025-07-30T01:03:38.298+0300][gc,phases     ] GC(9)   Other: 0.2ms
[2025-07-30T01:03:38.298+0300][gc,heap       ] GC(9) Eden regions: 48->0(49)
[2025-07-30T01:03:38.298+0300][gc,heap       ] GC(9) Survivor regions: 3->4(7)
[2025-07-30T01:03:38.298+0300][gc,heap       ] GC(9) Old regions: 19->19
[2025-07-30T01:03:38.298+0300][gc,heap       ] GC(9) Humongous regions: 129->129
[2025-07-30T01:03:38.298+0300][gc,metaspace  ] GC(9) Metaspace: 46264K(49152K)->46264K(49152K) NonClass: 40469K(41984K)->40469K(41984K) Class: 5794K(7168K)->5794K(7168K)
[2025-07-30T01:03:38.298+0300][gc            ] GC(9) Pause Young (Normal) (G1 Evacuation Pause) 197M->149M(1024M) 2.463ms
[2025-07-30T01:03:38.298+0300][gc,cpu        ] GC(9) User=0.02s Sys=0.00s Real=0.00s
[2025-07-30T01:08:23.402+0300][gc,start      ] GC(10) Pause Young (Normal) (G1 Evacuation Pause)
[2025-07-30T01:08:23.402+0300][gc,task       ] GC(10) Using 13 workers of 13 for evacuation
[2025-07-30T01:08:23.404+0300][gc,phases     ] GC(10)   Pre Evacuate Collection Set: 0.0ms
[2025-07-30T01:08:23.404+0300][gc,phases     ] GC(10)   Evacuate Collection Set: 2.0ms
[2025-07-30T01:08:23.404+0300][gc,phases     ] GC(10)   Post Evacuate Collection Set: 0.4ms
[2025-07-30T01:08:23.404+0300][gc,phases     ] GC(10)   Other: 0.1ms
[2025-07-30T01:08:23.404+0300][gc,heap       ] GC(10) Eden regions: 49->0(54)
[2025-07-30T01:08:23.404+0300][gc,heap       ] GC(10) Survivor regions: 4->4(7)
[2025-07-30T01:08:23.404+0300][gc,heap       ] GC(10) Old regions: 19->19
[2025-07-30T01:08:23.404+0300][gc,heap       ] GC(10) Humongous regions: 129->129
[2025-07-30T01:08:23.404+0300][gc,metaspace  ] GC(10) Metaspace: 47452K(50560K)->47452K(50560K) NonClass: 41401K(43008K)->41401K(43008K) Class: 6051K(7552K)->6051K(7552K)
[2025-07-30T01:08:23.404+0300][gc            ] GC(10) Pause Young (Normal) (G1 Evacuation Pause) 198M->149M(1024M) 2.568ms
[2025-07-30T01:08:23.404+0300][gc,cpu        ] GC(10) User=0.02s Sys=0.00s Real=0.00s
[2025-07-30T01:08:23.411+0300][gc,heap,exit  ] Heap
[2025-07-30T01:08:23.411+0300][gc,heap,exit  ]  garbage-first heap   total 1048576K, used 154473K [0x00000000c0000000, 0x0000000100000000)
[2025-07-30T01:08:23.411+0300][gc,heap,exit  ]   region size 1024K, 6 young (6144K), 4 survivors (4096K)
[2025-07-30T01:08:23.411+0300][gc,heap,exit  ]  Metaspace       used 47489K, capacity 50556K, committed 50816K, reserved 1093632K
[2025-07-30T01:08:23.411+0300][gc,heap,exit  ]   class space    used 6061K, capacity 7528K, committed 7552K, reserved 1048576K
