[2025-07-30T00:47:00.980+0300][gc,heap] Heap region size: 1M
[2025-07-30T00:47:00.993+0300][gc     ] Using G1
[2025-07-30T00:47:00.993+0300][gc,heap,coops] Heap address: 0x00000000c0000000, size: 1024 MB, Compressed Oops mode: 32-bit
[2025-07-30T00:47:00.993+0300][gc,cds       ] Mark closed archive regions in map: [0x00000000fff00000, 0x00000000fff6bff8]
[2025-07-30T00:47:00.993+0300][gc,cds       ] Mark open archive regions in map: [0x00000000ffe00000, 0x00000000ffe47ff8]
[2025-07-30T00:47:01.494+0300][gc,start     ] GC(0) Pause Young (Normal) (G1 Evacuation Pause)
[2025-07-30T00:47:01.495+0300][gc,task      ] GC(0) Using 13 workers of 13 for evacuation
[2025-07-30T00:47:01.500+0300][gc,phases    ] GC(0)   Pre Evacuate Collection Set: 0.0ms
[2025-07-30T00:47:01.500+0300][gc,phases    ] GC(0)   Evacuate Collection Set: 4.3ms
[2025-07-30T00:47:01.500+0300][gc,phases    ] GC(0)   Post Evacuate Collection Set: 0.3ms
[2025-07-30T00:47:01.500+0300][gc,phases    ] GC(0)   Other: 1.8ms
[2025-07-30T00:47:01.500+0300][gc,heap      ] GC(0) Eden regions: 51->0(44)
[2025-07-30T00:47:01.500+0300][gc,heap      ] GC(0) Survivor regions: 0->7(7)
[2025-07-30T00:47:01.500+0300][gc,heap      ] GC(0) Old regions: 2->3
[2025-07-30T00:47:01.500+0300][gc,heap      ] GC(0) Humongous regions: 0->0
[2025-07-30T00:47:01.500+0300][gc,metaspace ] GC(0) Metaspace: 13131K(13952K)->13131K(13952K) NonClass: 11479K(12032K)->11479K(12032K) Class: 1652K(1920K)->1652K(1920K)
[2025-07-30T00:47:01.500+0300][gc           ] GC(0) Pause Young (Normal) (G1 Evacuation Pause) 51M->8M(1024M) 6.519ms
[2025-07-30T00:47:01.500+0300][gc,cpu       ] GC(0) User=0.04s Sys=0.01s Real=0.00s
[2025-07-30T00:47:01.768+0300][gc,start     ] GC(1) Pause Young (Concurrent Start) (Metadata GC Threshold)
[2025-07-30T00:47:01.768+0300][gc,task      ] GC(1) Using 13 workers of 13 for evacuation
[2025-07-30T00:47:01.781+0300][gc,phases    ] GC(1)   Pre Evacuate Collection Set: 0.2ms
[2025-07-30T00:47:01.781+0300][gc,phases    ] GC(1)   Evacuate Collection Set: 12.4ms
[2025-07-30T00:47:01.781+0300][gc,phases    ] GC(1)   Post Evacuate Collection Set: 0.4ms
[2025-07-30T00:47:01.781+0300][gc,phases    ] GC(1)   Other: 0.4ms
[2025-07-30T00:47:01.781+0300][gc,heap      ] GC(1) Eden regions: 35->0(49)
[2025-07-30T00:47:01.781+0300][gc,heap      ] GC(1) Survivor regions: 7->2(7)
[2025-07-30T00:47:01.781+0300][gc,heap      ] GC(1) Old regions: 3->10
[2025-07-30T00:47:01.781+0300][gc,heap      ] GC(1) Humongous regions: 0->0
[2025-07-30T00:47:01.781+0300][gc,metaspace ] GC(1) Metaspace: 20568K(21248K)->20568K(21248K) NonClass: 18058K(18432K)->18058K(18432K) Class: 2509K(2816K)->2509K(2816K)
[2025-07-30T00:47:01.781+0300][gc           ] GC(1) Pause Young (Concurrent Start) (Metadata GC Threshold) 42M->9M(1024M) 13.414ms
[2025-07-30T00:47:01.781+0300][gc,cpu       ] GC(1) User=0.06s Sys=0.01s Real=0.02s
[2025-07-30T00:47:01.781+0300][gc           ] GC(2) Concurrent Cycle
[2025-07-30T00:47:01.781+0300][gc,marking   ] GC(2) Concurrent Clear Claimed Marks
[2025-07-30T00:47:01.781+0300][gc,marking   ] GC(2) Concurrent Clear Claimed Marks 0.029ms
[2025-07-30T00:47:01.781+0300][gc,marking   ] GC(2) Concurrent Scan Root Regions
[2025-07-30T00:47:01.782+0300][gc,marking   ] GC(2) Concurrent Scan Root Regions 0.866ms
[2025-07-30T00:47:01.782+0300][gc,marking   ] GC(2) Concurrent Mark (0.805s)
[2025-07-30T00:47:01.782+0300][gc,marking   ] GC(2) Concurrent Mark From Roots
[2025-07-30T00:47:01.783+0300][gc,task      ] GC(2) Using 3 workers of 3 for marking
[2025-07-30T00:47:01.786+0300][gc,marking   ] GC(2) Concurrent Mark From Roots 3.498ms
[2025-07-30T00:47:01.786+0300][gc,marking   ] GC(2) Concurrent Preclean
[2025-07-30T00:47:01.786+0300][gc,marking   ] GC(2) Concurrent Preclean 0.136ms
[2025-07-30T00:47:01.786+0300][gc,marking   ] GC(2) Concurrent Mark (0.805s, 0.808s) 3.690ms
[2025-07-30T00:47:01.786+0300][gc,start     ] GC(2) Pause Remark
[2025-07-30T00:47:01.788+0300][gc,stringtable] GC(2) Cleaned string and symbol table, strings: 5786 processed, 0 removed, symbols: 54134 processed, 46 removed
[2025-07-30T00:47:01.788+0300][gc            ] GC(2) Pause Remark 9M->9M(1024M) 2.214ms
[2025-07-30T00:47:01.788+0300][gc,cpu        ] GC(2) User=0.01s Sys=0.00s Real=0.00s
[2025-07-30T00:47:01.788+0300][gc,marking    ] GC(2) Concurrent Rebuild Remembered Sets
[2025-07-30T00:47:01.790+0300][gc,marking    ] GC(2) Concurrent Rebuild Remembered Sets 1.651ms
[2025-07-30T00:47:01.790+0300][gc,start      ] GC(2) Pause Cleanup
[2025-07-30T00:47:01.791+0300][gc            ] GC(2) Pause Cleanup 10M->10M(1024M) 0.317ms
[2025-07-30T00:47:01.791+0300][gc,cpu        ] GC(2) User=0.00s Sys=0.00s Real=0.01s
[2025-07-30T00:47:01.791+0300][gc,marking    ] GC(2) Concurrent Cleanup for Next Mark
[2025-07-30T00:47:01.793+0300][gc,marking    ] GC(2) Concurrent Cleanup for Next Mark 2.509ms
[2025-07-30T00:47:01.793+0300][gc            ] GC(2) Concurrent Cycle 11.770ms
[2025-07-30T00:47:02.334+0300][gc,start      ] GC(3) Pause Young (Normal) (G1 Evacuation Pause)
[2025-07-30T00:47:02.334+0300][gc,task       ] GC(3) Using 13 workers of 13 for evacuation
[2025-07-30T00:47:02.336+0300][gc,phases     ] GC(3)   Pre Evacuate Collection Set: 0.0ms
[2025-07-30T00:47:02.336+0300][gc,phases     ] GC(3)   Evacuate Collection Set: 1.3ms
[2025-07-30T00:47:02.336+0300][gc,phases     ] GC(3)   Post Evacuate Collection Set: 0.2ms
[2025-07-30T00:47:02.336+0300][gc,phases     ] GC(3)   Other: 0.1ms
[2025-07-30T00:47:02.336+0300][gc,heap       ] GC(3) Eden regions: 49->0(47)
[2025-07-30T00:47:02.336+0300][gc,heap       ] GC(3) Survivor regions: 2->4(7)
[2025-07-30T00:47:02.336+0300][gc,heap       ] GC(3) Old regions: 10->10
[2025-07-30T00:47:02.336+0300][gc,heap       ] GC(3) Humongous regions: 129->129
[2025-07-30T00:47:02.336+0300][gc,metaspace  ] GC(3) Metaspace: 28209K(29440K)->28209K(29440K) NonClass: 24917K(25600K)->24917K(25600K) Class: 3291K(3840K)->3291K(3840K)
[2025-07-30T00:47:02.336+0300][gc            ] GC(3) Pause Young (Normal) (G1 Evacuation Pause) 187M->140M(1024M) 1.768ms
[2025-07-30T00:47:02.336+0300][gc,cpu        ] GC(3) User=0.01s Sys=0.00s Real=0.00s
[2025-07-30T00:47:02.607+0300][gc,start      ] GC(4) Pause Young (Concurrent Start) (Metadata GC Threshold)
[2025-07-30T00:47:02.607+0300][gc,task       ] GC(4) Using 13 workers of 13 for evacuation
[2025-07-30T00:47:02.609+0300][gc,phases     ] GC(4)   Pre Evacuate Collection Set: 0.1ms
[2025-07-30T00:47:02.609+0300][gc,phases     ] GC(4)   Evacuate Collection Set: 2.0ms
[2025-07-30T00:47:02.609+0300][gc,phases     ] GC(4)   Post Evacuate Collection Set: 0.3ms
[2025-07-30T00:47:02.609+0300][gc,phases     ] GC(4)   Other: 0.2ms
[2025-07-30T00:47:02.609+0300][gc,heap       ] GC(4) Eden regions: 42->0(44)
[2025-07-30T00:47:02.609+0300][gc,heap       ] GC(4) Survivor regions: 4->7(7)
[2025-07-30T00:47:02.609+0300][gc,heap       ] GC(4) Old regions: 10->10
[2025-07-30T00:47:02.609+0300][gc,heap       ] GC(4) Humongous regions: 129->129
[2025-07-30T00:47:02.609+0300][gc,metaspace  ] GC(4) Metaspace: 34411K(35840K)->34411K(35840K) NonClass: 30470K(31232K)->30470K(31232K) Class: 3941K(4608K)->3941K(4608K)
[2025-07-30T00:47:02.610+0300][gc            ] GC(4) Pause Young (Concurrent Start) (Metadata GC Threshold) 182M->143M(1024M) 2.678ms
[2025-07-30T00:47:02.610+0300][gc,cpu        ] GC(4) User=0.02s Sys=0.00s Real=0.00s
[2025-07-30T00:47:02.610+0300][gc            ] GC(5) Concurrent Cycle
[2025-07-30T00:47:02.610+0300][gc,marking    ] GC(5) Concurrent Clear Claimed Marks
[2025-07-30T00:47:02.610+0300][gc,marking    ] GC(5) Concurrent Clear Claimed Marks 0.238ms
[2025-07-30T00:47:02.610+0300][gc,marking    ] GC(5) Concurrent Scan Root Regions
[2025-07-30T00:47:02.611+0300][gc,marking    ] GC(5) Concurrent Scan Root Regions 1.435ms
[2025-07-30T00:47:02.611+0300][gc,marking    ] GC(5) Concurrent Mark (1.634s)
[2025-07-30T00:47:02.611+0300][gc,marking    ] GC(5) Concurrent Mark From Roots
[2025-07-30T00:47:02.611+0300][gc,task       ] GC(5) Using 3 workers of 3 for marking
[2025-07-30T00:47:02.614+0300][gc,marking    ] GC(5) Concurrent Mark From Roots 2.820ms
[2025-07-30T00:47:02.614+0300][gc,marking    ] GC(5) Concurrent Preclean
[2025-07-30T00:47:02.614+0300][gc,marking    ] GC(5) Concurrent Preclean 0.125ms
[2025-07-30T00:47:02.614+0300][gc,marking    ] GC(5) Concurrent Mark (1.634s, 1.637s) 2.997ms
[2025-07-30T00:47:02.615+0300][gc,start      ] GC(5) Pause Remark
[2025-07-30T00:47:02.616+0300][gc,stringtable] GC(5) Cleaned string and symbol table, strings: 10097 processed, 10 removed, symbols: 82700 processed, 14 removed
[2025-07-30T00:47:02.616+0300][gc            ] GC(5) Pause Remark 145M->145M(1024M) 1.512ms
[2025-07-30T00:47:02.616+0300][gc,cpu        ] GC(5) User=0.01s Sys=0.00s Real=0.00s
[2025-07-30T00:47:02.616+0300][gc,marking    ] GC(5) Concurrent Rebuild Remembered Sets
[2025-07-30T00:47:02.618+0300][gc,marking    ] GC(5) Concurrent Rebuild Remembered Sets 1.433ms
[2025-07-30T00:47:02.618+0300][gc,start      ] GC(5) Pause Cleanup
[2025-07-30T00:47:02.618+0300][gc            ] GC(5) Pause Cleanup 145M->145M(1024M) 0.118ms
[2025-07-30T00:47:02.618+0300][gc,cpu        ] GC(5) User=0.00s Sys=0.00s Real=0.00s
[2025-07-30T00:47:02.618+0300][gc,marking    ] GC(5) Concurrent Cleanup for Next Mark
[2025-07-30T00:47:02.621+0300][gc,marking    ] GC(5) Concurrent Cleanup for Next Mark 2.884ms
[2025-07-30T00:47:02.621+0300][gc            ] GC(5) Concurrent Cycle 11.388ms
[2025-07-30T00:47:03.057+0300][gc,start      ] GC(6) Pause Young (Normal) (G1 Evacuation Pause)
[2025-07-30T00:47:03.057+0300][gc,task       ] GC(6) Using 13 workers of 13 for evacuation
[2025-07-30T00:47:03.062+0300][gc,phases     ] GC(6)   Pre Evacuate Collection Set: 0.0ms
[2025-07-30T00:47:03.062+0300][gc,phases     ] GC(6)   Evacuate Collection Set: 3.7ms
[2025-07-30T00:47:03.062+0300][gc,phases     ] GC(6)   Post Evacuate Collection Set: 0.7ms
[2025-07-30T00:47:03.062+0300][gc,phases     ] GC(6)   Other: 0.2ms
[2025-07-30T00:47:03.062+0300][gc,heap       ] GC(6) Eden regions: 44->0(48)
[2025-07-30T00:47:03.062+0300][gc,heap       ] GC(6) Survivor regions: 7->3(7)
[2025-07-30T00:47:03.062+0300][gc,heap       ] GC(6) Old regions: 10->16
[2025-07-30T00:47:03.062+0300][gc,heap       ] GC(6) Humongous regions: 135->135
[2025-07-30T00:47:03.062+0300][gc,metaspace  ] GC(6) Metaspace: 41626K(43776K)->41626K(43776K) NonClass: 36524K(37632K)->36524K(37632K) Class: 5102K(6144K)->5102K(6144K)
[2025-07-30T00:47:03.062+0300][gc            ] GC(6) Pause Young (Normal) (G1 Evacuation Pause) 193M->152M(1024M) 4.657ms
[2025-07-30T00:47:03.062+0300][gc,cpu        ] GC(6) User=0.05s Sys=0.01s Real=0.01s
[2025-07-30T00:48:36.915+0300][gc,heap,exit  ] Heap
[2025-07-30T00:48:36.915+0300][gc,heap,exit  ]  garbage-first heap   total 1048576K, used 193796K [0x00000000c0000000, 0x0000000100000000)
[2025-07-30T00:48:36.915+0300][gc,heap,exit  ]   region size 1024K, 36 young (36864K), 3 survivors (3072K)
[2025-07-30T00:48:36.915+0300][gc,heap,exit  ]  Metaspace       used 45999K, capacity 48843K, committed 49024K, reserved 1091584K
[2025-07-30T00:48:36.915+0300][gc,heap,exit  ]   class space    used 5900K, capacity 7270K, committed 7296K, reserved 1048576K
