[2025-07-30T00:46:42.295+0300][gc,heap] Heap region size: 1M
[2025-07-30T00:46:42.301+0300][gc     ] Using G1
[2025-07-30T00:46:42.301+0300][gc,heap,coops] Heap address: 0x00000000e0000000, size: 512 MB, Compressed Oops mode: 32-bit
[2025-07-30T00:46:42.302+0300][gc,cds       ] Mark closed archive regions in map: [0x00000000fff00000, 0x00000000fff6bff8]
[2025-07-30T00:46:42.302+0300][gc,cds       ] Mark open archive regions in map: [0x00000000ffe00000, 0x00000000ffe47ff8]
[2025-07-30T00:46:42.601+0300][gc,start     ] GC(0) Pause Young (Normal) (G1 Evacuation Pause)
[2025-07-30T00:46:42.602+0300][gc,task      ] GC(0) Using 12 workers of 13 for evacuation
[2025-07-30T00:46:42.607+0300][gc,phases    ] GC(0)   Pre Evacuate Collection Set: 0.0ms
[2025-07-30T00:46:42.607+0300][gc,phases    ] GC(0)   Evacuate Collection Set: 4.2ms
[2025-07-30T00:46:42.607+0300][gc,phases    ] GC(0)   Post Evacuate Collection Set: 0.3ms
[2025-07-30T00:46:42.607+0300][gc,phases    ] GC(0)   Other: 0.9ms
[2025-07-30T00:46:42.607+0300][gc,heap      ] GC(0) Eden regions: 25->0(21)
[2025-07-30T00:46:42.607+0300][gc,heap      ] GC(0) Survivor regions: 0->4(4)
[2025-07-30T00:46:42.607+0300][gc,heap      ] GC(0) Old regions: 2->7
[2025-07-30T00:46:42.607+0300][gc,heap      ] GC(0) Humongous regions: 0->0
[2025-07-30T00:46:42.607+0300][gc,metaspace ] GC(0) Metaspace: 7006K(7680K)->7006K(7680K) NonClass: 6227K(6656K)->6227K(6656K) Class: 778K(1024K)->778K(1024K)
[2025-07-30T00:46:42.607+0300][gc           ] GC(0) Pause Young (Normal) (G1 Evacuation Pause) 25M->8M(512M) 5.425ms
[2025-07-30T00:46:42.607+0300][gc,cpu       ] GC(0) User=0.04s Sys=0.02s Real=0.00s
[2025-07-30T01:08:25.361+0300][gc,heap,exit ] Heap
[2025-07-30T01:08:25.361+0300][gc,heap,exit ]  garbage-first heap   total 524288K, used 27406K [0x00000000e0000000, 0x0000000100000000)
[2025-07-30T01:08:25.361+0300][gc,heap,exit ]   region size 1024K, 23 young (23552K), 4 survivors (4096K)
[2025-07-30T01:08:25.361+0300][gc,heap,exit ]  Metaspace       used 9566K, capacity 9912K, committed 10240K, reserved 1058816K
[2025-07-30T01:08:25.361+0300][gc,heap,exit ]   class space    used 1001K, capacity 1163K, committed 1280K, reserved 1048576K
